Starting model fitting...
Fitting Model 1: Baseline Strict...
Start sampling
Running MCMC with 4 chains, at most 2 in parallel...

Chain 1 Iteration:    1 / 4000 [  0%]  (Warmup) 
Chain 2 Iteration:    1 / 4000 [  0%]  (Warmup) 
Chain 1 Iteration:  100 / 4000 [  2%]  (Warmup) 
Chain 2 Iteration:  100 / 4000 [  2%]  (Warmup) 
Chain 1 Iteration:  200 / 4000 [  5%]  (Warmup) 
Chain 2 Iteration:  200 / 4000 [  5%]  (Warmup) 
Chain 1 Iteration:  300 / 4000 [  7%]  (Warmup) 
Chain 2 Iteration:  300 / 4000 [  7%]  (Warmup) 
Chain 1 Iteration:  400 / 4000 [ 10%]  (Warmup) 
Chain 2 Iteration:  400 / 4000 [ 10%]  (Warmup) 
Chain 2 Iteration:  500 / 4000 [ 12%]  (Warmup) 
Chain 1 Iteration:  500 / 4000 [ 12%]  (Warmup) 
Chain 2 Iteration:  600 / 4000 [ 15%]  (Warmup) 
Chain 1 Iteration:  600 / 4000 [ 15%]  (Warmup) 
Chain 2 Iteration:  700 / 4000 [ 17%]  (Warmup) 
Chain 1 Iteration:  700 / 4000 [ 17%]  (Warmup) 
Chain 2 Iteration:  800 / 4000 [ 20%]  (Warmup) 
Chain 1 Iteration:  800 / 4000 [ 20%]  (Warmup) 
Chain 2 Iteration:  900 / 4000 [ 22%]  (Warmup) 
Chain 1 Iteration:  900 / 4000 [ 22%]  (Warmup) 
Chain 2 Iteration: 1000 / 4000 [ 25%]  (Warmup) 
Chain 1 Iteration: 1000 / 4000 [ 25%]  (Warmup) 
Chain 2 Iteration: 1100 / 4000 [ 27%]  (Warmup) 
Chain 1 Iteration: 1100 / 4000 [ 27%]  (Warmup) 
Chain 2 Iteration: 1200 / 4000 [ 30%]  (Warmup) 
Chain 2 Iteration: 1300 / 4000 [ 32%]  (Warmup) 
Chain 1 Iteration: 1200 / 4000 [ 30%]  (Warmup) 
Chain 2 Iteration: 1400 / 4000 [ 35%]  (Warmup) 
Chain 1 Iteration: 1300 / 4000 [ 32%]  (Warmup) 
Chain 2 Iteration: 1500 / 4000 [ 37%]  (Warmup) 
Chain 1 Iteration: 1400 / 4000 [ 35%]  (Warmup) 
Chain 2 Iteration: 1600 / 4000 [ 40%]  (Warmup) 
Chain 1 Iteration: 1500 / 4000 [ 37%]  (Warmup) 
Chain 2 Iteration: 1700 / 4000 [ 42%]  (Warmup) 
Chain 1 Iteration: 1600 / 4000 [ 40%]  (Warmup) 
Chain 2 Iteration: 1800 / 4000 [ 45%]  (Warmup) 
Chain 1 Iteration: 1700 / 4000 [ 42%]  (Warmup) 
Chain 2 Iteration: 1900 / 4000 [ 47%]  (Warmup) 
Chain 1 Iteration: 1800 / 4000 [ 45%]  (Warmup) 
Chain 2 Iteration: 2000 / 4000 [ 50%]  (Warmup) 
Chain 2 Iteration: 2001 / 4000 [ 50%]  (Sampling) 
Chain 2 Iteration: 2100 / 4000 [ 52%]  (Sampling) 
Chain 1 Iteration: 1900 / 4000 [ 47%]  (Warmup) 
Chain 2 Iteration: 2200 / 4000 [ 55%]  (Sampling) 
Chain 1 Iteration: 2000 / 4000 [ 50%]  (Warmup) 
Chain 1 Iteration: 2001 / 4000 [ 50%]  (Sampling) 
Chain 2 Iteration: 2300 / 4000 [ 57%]  (Sampling) 
Chain 1 Iteration: 2100 / 4000 [ 52%]  (Sampling) 
Chain 2 Iteration: 2400 / 4000 [ 60%]  (Sampling) 
Chain 1 Iteration: 2200 / 4000 [ 55%]  (Sampling) 
Chain 2 Iteration: 2500 / 4000 [ 62%]  (Sampling) 
Chain 2 Iteration: 2600 / 4000 [ 65%]  (Sampling) 
Chain 1 Iteration: 2300 / 4000 [ 57%]  (Sampling) 
Chain 2 Iteration: 2700 / 4000 [ 67%]  (Sampling) 
Chain 1 Iteration: 2400 / 4000 [ 60%]  (Sampling) 
Chain 2 Iteration: 2800 / 4000 [ 70%]  (Sampling) 
Chain 1 Iteration: 2500 / 4000 [ 62%]  (Sampling) 
Chain 2 Iteration: 2900 / 4000 [ 72%]  (Sampling) 
Chain 1 Iteration: 2600 / 4000 [ 65%]  (Sampling) 
Chain 2 Iteration: 3000 / 4000 [ 75%]  (Sampling) 
Chain 1 Iteration: 2700 / 4000 [ 67%]  (Sampling) 
Chain 2 Iteration: 3100 / 4000 [ 77%]  (Sampling) 
Chain 1 Iteration: 2800 / 4000 [ 70%]  (Sampling) 
Chain 2 Iteration: 3200 / 4000 [ 80%]  (Sampling) 
Chain 1 Iteration: 2900 / 4000 [ 72%]  (Sampling) 
Chain 2 Iteration: 3300 / 4000 [ 82%]  (Sampling) 
Chain 1 Iteration: 3000 / 4000 [ 75%]  (Sampling) 
Chain 2 Iteration: 3400 / 4000 [ 85%]  (Sampling) 
Chain 1 Iteration: 3100 / 4000 [ 77%]  (Sampling) 
Chain 2 Iteration: 3500 / 4000 [ 87%]  (Sampling) 
Chain 1 Iteration: 3200 / 4000 [ 80%]  (Sampling) 
Chain 2 Iteration: 3600 / 4000 [ 90%]  (Sampling) 
Chain 1 Iteration: 3300 / 4000 [ 82%]  (Sampling) 
Chain 2 Iteration: 3700 / 4000 [ 92%]  (Sampling) 
Chain 1 Iteration: 3400 / 4000 [ 85%]  (Sampling) 
Chain 2 Iteration: 3800 / 4000 [ 95%]  (Sampling) 
Chain 1 Iteration: 3500 / 4000 [ 87%]  (Sampling) 
Chain 2 Iteration: 3900 / 4000 [ 97%]  (Sampling) 
Chain 1 Iteration: 3600 / 4000 [ 90%]  (Sampling) 
Chain 2 Iteration: 4000 / 4000 [100%]  (Sampling) 
Chain 2 finished in 4832.1 seconds.
Chain 3 Iteration:    1 / 4000 [  0%]  (Warmup) 
Chain 1 Iteration: 3700 / 4000 [ 92%]  (Sampling) 
Chain 1 Iteration: 3800 / 4000 [ 95%]  (Sampling) 
Chain 1 Iteration: 3900 / 4000 [ 97%]  (Sampling) 
Chain 1 Iteration: 4000 / 4000 [100%]  (Sampling) 
Chain 1 finished in 5115.0 seconds.
Chain 4 Iteration:    1 / 4000 [  0%]  (Warmup) 
Chain 3 Iteration:  100 / 4000 [  2%]  (Warmup) 
Chain 4 Iteration:  100 / 4000 [  2%]  (Warmup) 
Chain 4 Iteration:  200 / 4000 [  5%]  (Warmup) 
Chain 4 Iteration:  300 / 4000 [  7%]  (Warmup) 
Chain 3 Iteration:  200 / 4000 [  5%]  (Warmup) 
Chain 4 Iteration:  400 / 4000 [ 10%]  (Warmup) 
Chain 3 Iteration:  300 / 4000 [  7%]  (Warmup) 
Chain 4 Iteration:  500 / 4000 [ 12%]  (Warmup) 
Chain 3 Iteration:  400 / 4000 [ 10%]  (Warmup) 
Chain 4 Iteration:  600 / 4000 [ 15%]  (Warmup) 
Chain 3 Iteration:  500 / 4000 [ 12%]  (Warmup) 
Chain 4 Iteration:  700 / 4000 [ 17%]  (Warmup) 
Chain 4 Iteration:  800 / 4000 [ 20%]  (Warmup) 
Chain 3 Iteration:  600 / 4000 [ 15%]  (Warmup) 
Chain 4 Iteration:  900 / 4000 [ 22%]  (Warmup) 
Chain 3 Iteration:  700 / 4000 [ 17%]  (Warmup) 
Chain 4 Iteration: 1000 / 4000 [ 25%]  (Warmup) 
Chain 3 Iteration:  800 / 4000 [ 20%]  (Warmup) 
Chain 4 Iteration: 1100 / 4000 [ 27%]  (Warmup) 
Chain 3 Iteration:  900 / 4000 [ 22%]  (Warmup) 
Chain 4 Iteration: 1200 / 4000 [ 30%]  (Warmup) 
Chain 3 Iteration: 1000 / 4000 [ 25%]  (Warmup) 
Chain 4 Iteration: 1300 / 4000 [ 32%]  (Warmup) 
Chain 3 Iteration: 1100 / 4000 [ 27%]  (Warmup) 
Chain 4 Iteration: 1400 / 4000 [ 35%]  (Warmup) 
Chain 3 Iteration: 1200 / 4000 [ 30%]  (Warmup) 
Chain 4 Iteration: 1500 / 4000 [ 37%]  (Warmup) 
Chain 3 Iteration: 1300 / 4000 [ 32%]  (Warmup) 
Chain 4 Iteration: 1600 / 4000 [ 40%]  (Warmup) 
Chain 3 Iteration: 1400 / 4000 [ 35%]  (Warmup) 
Chain 4 Iteration: 1700 / 4000 [ 42%]  (Warmup) 
Chain 4 Iteration: 1800 / 4000 [ 45%]  (Warmup) 
Chain 3 Iteration: 1500 / 4000 [ 37%]  (Warmup) 
Chain 4 Iteration: 1900 / 4000 [ 47%]  (Warmup) 
Chain 3 Iteration: 1600 / 4000 [ 40%]  (Warmup) 
Chain 4 Iteration: 2000 / 4000 [ 50%]  (Warmup) 
Chain 4 Iteration: 2001 / 4000 [ 50%]  (Sampling) 
Chain 3 Iteration: 1700 / 4000 [ 42%]  (Warmup) 
Chain 4 Iteration: 2100 / 4000 [ 52%]  (Sampling) 
Chain 3 Iteration: 1800 / 4000 [ 45%]  (Warmup) 
Chain 4 Iteration: 2200 / 4000 [ 55%]  (Sampling) 
Chain 3 Iteration: 1900 / 4000 [ 47%]  (Warmup) 
Chain 4 Iteration: 2300 / 4000 [ 57%]  (Sampling) 
Chain 3 Iteration: 2000 / 4000 [ 50%]  (Warmup) 
Chain 3 Iteration: 2001 / 4000 [ 50%]  (Sampling) 
Chain 4 Iteration: 2400 / 4000 [ 60%]  (Sampling) 
Chain 3 Iteration: 2100 / 4000 [ 52%]  (Sampling) 
Chain 4 Iteration: 2500 / 4000 [ 62%]  (Sampling) 
Chain 3 Iteration: 2200 / 4000 [ 55%]  (Sampling) 
Chain 4 Iteration: 2600 / 4000 [ 65%]  (Sampling) 
Chain 3 Iteration: 2300 / 4000 [ 57%]  (Sampling) 
Chain 4 Iteration: 2700 / 4000 [ 67%]  (Sampling) 
Chain 3 Iteration: 2400 / 4000 [ 60%]  (Sampling) 
Chain 4 Iteration: 2800 / 4000 [ 70%]  (Sampling) 
Chain 3 Iteration: 2500 / 4000 [ 62%]  (Sampling) 
Chain 4 Iteration: 2900 / 4000 [ 72%]  (Sampling) 
Chain 3 Iteration: 2600 / 4000 [ 65%]  (Sampling) 
Chain 4 Iteration: 3000 / 4000 [ 75%]  (Sampling) 
Chain 3 Iteration: 2700 / 4000 [ 67%]  (Sampling) 
Chain 4 Iteration: 3100 / 4000 [ 77%]  (Sampling) 
Chain 3 Iteration: 2800 / 4000 [ 70%]  (Sampling) 
Chain 4 Iteration: 3200 / 4000 [ 80%]  (Sampling) 
Chain 3 Iteration: 2900 / 4000 [ 72%]  (Sampling) 
Chain 4 Iteration: 3300 / 4000 [ 82%]  (Sampling) 
Chain 3 Iteration: 3000 / 4000 [ 75%]  (Sampling) 
Chain 4 Iteration: 3400 / 4000 [ 85%]  (Sampling) 
Chain 3 Iteration: 3100 / 4000 [ 77%]  (Sampling) 
Chain 4 Iteration: 3500 / 4000 [ 87%]  (Sampling) 
Chain 3 Iteration: 3200 / 4000 [ 80%]  (Sampling) 
Chain 4 Iteration: 3600 / 4000 [ 90%]  (Sampling) 
Chain 3 Iteration: 3300 / 4000 [ 82%]  (Sampling) 
Chain 4 Iteration: 3700 / 4000 [ 92%]  (Sampling) 
Chain 3 Iteration: 3400 / 4000 [ 85%]  (Sampling) 
Chain 4 Iteration: 3800 / 4000 [ 95%]  (Sampling) 
Chain 3 Iteration: 3500 / 4000 [ 87%]  (Sampling) 
Chain 4 Iteration: 3900 / 4000 [ 97%]  (Sampling) 
Chain 3 Iteration: 3600 / 4000 [ 90%]  (Sampling) 
Chain 4 Iteration: 4000 / 4000 [100%]  (Sampling) 
Chain 4 finished in 4742.1 seconds.
Chain 3 Iteration: 3700 / 4000 [ 92%]  (Sampling) 
Chain 3 Iteration: 3800 / 4000 [ 95%]  (Sampling) 
Chain 3 Iteration: 3900 / 4000 [ 97%]  (Sampling) 
Chain 3 Iteration: 4000 / 4000 [100%]  (Sampling) 
Chain 3 finished in 5259.3 seconds.

All 4 chains finished successfully.
Mean chain execution time: 4987.1 seconds.
Total execution time: 10092.4 seconds.

Loading required namespace: rstan
Warning message:
Rows containing NAs were excluded from the model. 
Saving...
           used  (Mb) gc trigger  (Mb) max used  (Mb)
Ncells  4332855 231.4    6735365 359.8  6735365 359.8
Vcells 18625644 142.2   56876168 434.0 71095209 542.5
Computing WAIC...
Warning message:

333 (1.8%) p_waic estimates greater than 0.4. We recommend trying loo instead. 
Finished!
