Starting mov 6_relaxed_rs Model...
Start sampling
Running MCMC with 4 parallel chains, with 4 thread(s) per chain...

Chain 1 Iteration:   1 / 1000 [  0%]  (Warmup) 
Chain 2 Iteration:   1 / 1000 [  0%]  (Warmup) 
Chain 3 Iteration:   1 / 1000 [  0%]  (Warmup) 
Chain 4 Iteration:   1 / 1000 [  0%]  (Warmup) 
Chain 3 Iteration: 100 / 1000 [ 10%]  (Warmup) 
Chain 1 Iteration: 100 / 1000 [ 10%]  (Warmup) 
Chain 4 Iteration: 100 / 1000 [ 10%]  (Warmup) 
Chain 2 Iteration: 100 / 1000 [ 10%]  (Warmup) 
Chain 3 Iteration: 200 / 1000 [ 20%]  (Warmup) 
Chain 1 Iteration: 200 / 1000 [ 20%]  (Warmup) 
Chain 4 Iteration: 200 / 1000 [ 20%]  (Warmup) 
Chain 3 Iteration: 300 / 1000 [ 30%]  (Warmup) 
Chain 1 Iteration: 300 / 1000 [ 30%]  (Warmup) 
Chain 2 Iteration: 200 / 1000 [ 20%]  (Warmup) 
Chain 4 Iteration: 300 / 1000 [ 30%]  (Warmup) 
Chain 3 Iteration: 400 / 1000 [ 40%]  (Warmup) 
Chain 1 Iteration: 400 / 1000 [ 40%]  (Warmup) 
Chain 2 Iteration: 300 / 1000 [ 30%]  (Warmup) 
Chain 4 Iteration: 400 / 1000 [ 40%]  (Warmup) 
Chain 3 Iteration: 500 / 1000 [ 50%]  (Warmup) 
Chain 3 Iteration: 501 / 1000 [ 50%]  (Sampling) 
Chain 1 Iteration: 500 / 1000 [ 50%]  (Warmup) 
Chain 1 Iteration: 501 / 1000 [ 50%]  (Sampling) 
Chain 2 Iteration: 400 / 1000 [ 40%]  (Warmup) 
Chain 4 Iteration: 500 / 1000 [ 50%]  (Warmup) 
Chain 4 Iteration: 501 / 1000 [ 50%]  (Sampling) 
Chain 3 Iteration: 600 / 1000 [ 60%]  (Sampling) 
Chain 1 Iteration: 600 / 1000 [ 60%]  (Sampling) 
Chain 2 Iteration: 500 / 1000 [ 50%]  (Warmup) 
Chain 2 Iteration: 501 / 1000 [ 50%]  (Sampling) 
Chain 4 Iteration: 600 / 1000 [ 60%]  (Sampling) 
Chain 3 Iteration: 700 / 1000 [ 70%]  (Sampling) 
Chain 1 Iteration: 700 / 1000 [ 70%]  (Sampling) 
Chain 2 Iteration: 600 / 1000 [ 60%]  (Sampling) 
Chain 4 Iteration: 700 / 1000 [ 70%]  (Sampling) 
Chain 3 Iteration: 800 / 1000 [ 80%]  (Sampling) 
Chain 1 Iteration: 800 / 1000 [ 80%]  (Sampling) 
Chain 2 Iteration: 700 / 1000 [ 70%]  (Sampling) 
Chain 4 Iteration: 800 / 1000 [ 80%]  (Sampling) 
Chain 3 Iteration: 900 / 1000 [ 90%]  (Sampling) 
Chain 1 Iteration: 900 / 1000 [ 90%]  (Sampling) 
Chain 2 Iteration: 800 / 1000 [ 80%]  (Sampling) 
Chain 4 Iteration: 900 / 1000 [ 90%]  (Sampling) 
Chain 3 Iteration: 1000 / 1000 [100%]  (Sampling) 
Chain 3 finished in 1688.8 seconds.
Chain 1 Iteration: 1000 / 1000 [100%]  (Sampling) 
Chain 1 finished in 1701.1 seconds.
Chain 2 Iteration: 900 / 1000 [ 90%]  (Sampling) 
Chain 4 Iteration: 1000 / 1000 [100%]  (Sampling) 
Chain 4 finished in 1742.0 seconds.
Chain 2 Iteration: 1000 / 1000 [100%]  (Sampling) 
Chain 2 finished in 1769.0 seconds.

All 4 chains finished successfully.
Mean chain execution time: 1725.2 seconds.
Total execution time: 1769.5 seconds.

Loading required namespace: rstan
Warning message:

228 (1.4%) p_waic estimates greater than 0.4. We recommend trying loo instead. 
Finished mov Model 6_relaxed_rs!
