Starting music 5_var_rs Model...
Start sampling
Running MCMC with 4 parallel chains, with 4 thread(s) per chain...

Chain 2 Iteration:   1 / 1000 [  0%]  (Warmup) 
Chain 4 Iteration:   1 / 1000 [  0%]  (Warmup) 
Chain 3 Iteration:   1 / 1000 [  0%]  (Warmup) 
Chain 1 Iteration:   1 / 1000 [  0%]  (Warmup) 
Chain 3 Iteration: 100 / 1000 [ 10%]  (Warmup) 
Chain 2 Iteration: 100 / 1000 [ 10%]  (Warmup) 
Chain 4 Iteration: 100 / 1000 [ 10%]  (Warmup) 
Chain 3 Iteration: 200 / 1000 [ 20%]  (Warmup) 
Chain 2 Iteration: 200 / 1000 [ 20%]  (Warmup) 
Chain 3 Iteration: 300 / 1000 [ 30%]  (Warmup) 
Chain 4 Iteration: 200 / 1000 [ 20%]  (Warmup) 
Chain 2 Iteration: 300 / 1000 [ 30%]  (Warmup) 
Chain 3 Iteration: 400 / 1000 [ 40%]  (Warmup) 
Chain 1 Iteration: 100 / 1000 [ 10%]  (Warmup) 
Chain 2 Iteration: 400 / 1000 [ 40%]  (Warmup) 
Chain 4 Iteration: 300 / 1000 [ 30%]  (Warmup) 
Chain 3 Iteration: 500 / 1000 [ 50%]  (Warmup) 
Chain 3 Iteration: 501 / 1000 [ 50%]  (Sampling) 
Chain 2 Iteration: 500 / 1000 [ 50%]  (Warmup) 
Chain 2 Iteration: 501 / 1000 [ 50%]  (Sampling) 
Chain 4 Iteration: 400 / 1000 [ 40%]  (Warmup) 
Chain 4 Iteration: 500 / 1000 [ 50%]  (Warmup) 
Chain 4 Iteration: 501 / 1000 [ 50%]  (Sampling) 
Chain 3 Iteration: 600 / 1000 [ 60%]  (Sampling) 
Chain 2 Iteration: 600 / 1000 [ 60%]  (Sampling) 
Chain 3 Iteration: 700 / 1000 [ 70%]  (Sampling) 
Chain 4 Iteration: 600 / 1000 [ 60%]  (Sampling) 
Chain 2 Iteration: 700 / 1000 [ 70%]  (Sampling) 
Chain 3 Iteration: 800 / 1000 [ 80%]  (Sampling) 
Chain 4 Iteration: 700 / 1000 [ 70%]  (Sampling) 
Chain 2 Iteration: 800 / 1000 [ 80%]  (Sampling) 
Chain 3 Iteration: 900 / 1000 [ 90%]  (Sampling) 
Chain 4 Iteration: 800 / 1000 [ 80%]  (Sampling) 
Chain 2 Iteration: 900 / 1000 [ 90%]  (Sampling) 
Chain 3 Iteration: 1000 / 1000 [100%]  (Sampling) 
Chain 3 finished in 4217.9 seconds.
Chain 4 Iteration: 900 / 1000 [ 90%]  (Sampling) 
Chain 2 Iteration: 1000 / 1000 [100%]  (Sampling) 
Chain 2 finished in 4302.2 seconds.
Chain 4 Iteration: 1000 / 1000 [100%]  (Sampling) 
Chain 4 finished in 4402.6 seconds.
Chain 1 Iteration: 200 / 1000 [ 20%]  (Warmup) 
Chain 1 Iteration: 300 / 1000 [ 30%]  (Warmup) 
Chain 1 Iteration: 400 / 1000 [ 40%]  (Warmup) 
Chain 1 Iteration: 500 / 1000 [ 50%]  (Warmup) 
Chain 1 Iteration: 501 / 1000 [ 50%]  (Sampling) 
Chain 1 Iteration: 600 / 1000 [ 60%]  (Sampling) 
Chain 1 Iteration: 700 / 1000 [ 70%]  (Sampling) 
Chain 1 Iteration: 800 / 1000 [ 80%]  (Sampling) 
Chain 1 Iteration: 900 / 1000 [ 90%]  (Sampling) 
Chain 1 Iteration: 1000 / 1000 [100%]  (Sampling) 
Chain 1 finished in 12590.3 seconds.

All 4 chains finished successfully.
Mean chain execution time: 6378.2 seconds.
Total execution time: 12592.0 seconds.

Warning: 500 of 2000 (25.0%) transitions hit the maximum treedepth limit of 10.
See https://mc-stan.org/misc/warnings for details.

Warning: 1 of 4 chains have a NaN E-BFMI.
See https://mc-stan.org/misc/warnings for details.

Loading required namespace: rstan
Warning message:

NA (NA%) p_waic estimates greater than 0.4. We recommend trying loo instead. 
Finished music Model 5_var_rs!
