- The project is out-of-sync -- use `renv::status()` for details.
Starting model fitting process for Random Slopes Model (Strict Effects)...
Fitting Random Slopes Model (Strict Effects)...
Compiling Stan program...
Start sampling

SAMPLING FOR MODEL 'anon_model' NOW (CHAIN 2).

SAMPLING FOR MODEL 'anon_model' NOW (CHAIN 1).
Chain 2: 
Chain 2: Gradient evaluation took 0.046203 seconds
Chain 2: 1000 transitions using 10 leapfrog steps per transition would take 462.03 seconds.
Chain 2: Adjust your expectations accordingly!
Chain 2: 
Chain 2: 
Chain 1: 
Chain 1: Gradient evaluation took 0.19094 seconds
Chain 1: 1000 transitions using 10 leapfrog steps per transition would take 1909.4 seconds.
Chain 1: Adjust your expectations accordingly!
Chain 1: 
Chain 1: 
Chain 2: Iteration:    1 / 6000 [  0%]  (Warmup)
Chain 1: Iteration:    1 / 6000 [  0%]  (Warmup)
Chain 2: Iteration:  600 / 6000 [ 10%]  (Warmup)
Chain 1: Iteration:  600 / 6000 [ 10%]  (Warmup)
Chain 2: Iteration: 1200 / 6000 [ 20%]  (Warmup)
Chain 1: Iteration: 1200 / 6000 [ 20%]  (Warmup)
Chain 2: Iteration: 1800 / 6000 [ 30%]  (Warmup)
Chain 1: Iteration: 1800 / 6000 [ 30%]  (Warmup)
Chain 2: Iteration: 2400 / 6000 [ 40%]  (Warmup)
Chain 1: Iteration: 2400 / 6000 [ 40%]  (Warmup)
Chain 2: Iteration: 3000 / 6000 [ 50%]  (Warmup)
Chain 2: Iteration: 3001 / 6000 [ 50%]  (Sampling)
Chain 1: Iteration: 3000 / 6000 [ 50%]  (Warmup)
Chain 1: Iteration: 3001 / 6000 [ 50%]  (Sampling)
Chain 2: Iteration: 3600 / 6000 [ 60%]  (Sampling)
Chain 1: Iteration: 3600 / 6000 [ 60%]  (Sampling)
Chain 2: Iteration: 4200 / 6000 [ 70%]  (Sampling)
Chain 1: Iteration: 4200 / 6000 [ 70%]  (Sampling)
Chain 2: Iteration: 4800 / 6000 [ 80%]  (Sampling)
Chain 1: Iteration: 4800 / 6000 [ 80%]  (Sampling)
Chain 2: Iteration: 5400 / 6000 [ 90%]  (Sampling)
Chain 1: Iteration: 5400 / 6000 [ 90%]  (Sampling)
Chain 2: Iteration: 6000 / 6000 [100%]  (Sampling)
Chain 2: 
Chain 2:  Elapsed Time: 5925.03 seconds (Warm-up)
Chain 2:                4711.77 seconds (Sampling)
Chain 2:                10636.8 seconds (Total)
Chain 2: 

SAMPLING FOR MODEL 'anon_model' NOW (CHAIN 3).
Chain 3: 
Chain 3: Gradient evaluation took 0.10701 seconds
Chain 3: 1000 transitions using 10 leapfrog steps per transition would take 1070.1 seconds.
Chain 3: Adjust your expectations accordingly!
Chain 3: 
Chain 3: 
Chain 3: Iteration:    1 / 6000 [  0%]  (Warmup)
Chain 1: Iteration: 6000 / 6000 [100%]  (Sampling)
Chain 1: 
Chain 1:  Elapsed Time: 6143.71 seconds (Warm-up)
Chain 1:                4746.55 seconds (Sampling)
Chain 1:                10890.3 seconds (Total)
Chain 1: 

SAMPLING FOR MODEL 'anon_model' NOW (CHAIN 4).
Chain 4: 
Chain 4: Gradient evaluation took 0.099526 seconds
Chain 4: 1000 transitions using 10 leapfrog steps per transition would take 995.26 seconds.
Chain 4: Adjust your expectations accordingly!
Chain 4: 
Chain 4: 
Chain 4: Iteration:    1 / 6000 [  0%]  (Warmup)
Chain 4: Iteration:  600 / 6000 [ 10%]  (Warmup)
Chain 3: Iteration:  600 / 6000 [ 10%]  (Warmup)
Chain 4: Iteration: 1200 / 6000 [ 20%]  (Warmup)
Chain 3: Iteration: 1200 / 6000 [ 20%]  (Warmup)
Chain 4: Iteration: 1800 / 6000 [ 30%]  (Warmup)
Chain 3: Iteration: 1800 / 6000 [ 30%]  (Warmup)
Chain 4: Iteration: 2400 / 6000 [ 40%]  (Warmup)
Chain 3: Iteration: 2400 / 6000 [ 40%]  (Warmup)
Chain 4: Iteration: 3000 / 6000 [ 50%]  (Warmup)
Chain 4: Iteration: 3001 / 6000 [ 50%]  (Sampling)
Chain 3: Iteration: 3000 / 6000 [ 50%]  (Warmup)
Chain 3: Iteration: 3001 / 6000 [ 50%]  (Sampling)
Chain 4: Iteration: 3600 / 6000 [ 60%]  (Sampling)
Chain 3: Iteration: 3600 / 6000 [ 60%]  (Sampling)
Chain 4: Iteration: 4200 / 6000 [ 70%]  (Sampling)
Chain 3: Iteration: 4200 / 6000 [ 70%]  (Sampling)
Chain 3: Iteration: 4800 / 6000 [ 80%]  (Sampling)
Chain 4: Iteration: 4800 / 6000 [ 80%]  (Sampling)
Chain 4: Iteration: 5400 / 6000 [ 90%]  (Sampling)
Chain 3: Iteration: 5400 / 6000 [ 90%]  (Sampling)
Chain 4: Iteration: 6000 / 6000 [100%]  (Sampling)
Chain 4: 
Chain 4:  Elapsed Time: 6210.94 seconds (Warm-up)
Chain 4:                4949 seconds (Sampling)
Chain 4:                11159.9 seconds (Total)
Chain 4: 
Chain 3: Iteration: 6000 / 6000 [100%]  (Sampling)
Chain 3: 
Chain 3:  Elapsed Time: 6898.65 seconds (Warm-up)
Chain 3:                4755.9 seconds (Sampling)
Chain 3:                11654.6 seconds (Total)
Chain 3: 
Warning message:
Rows containing NAs were excluded from the model. 
Saving fit_strict_rs_acat.rds...
           used (Mb) gc trigger   (Mb)  max used   (Mb)
Ncells  7526961  402   23120404 1234.8  13869022  740.7
Vcells 76932125  587  216346680 1650.6 216346680 1650.6
Computing WAIC (subsampled)...
Warning message:

338 (1.9%) p_waic estimates greater than 0.4. We recommend trying loo instead. 
Loading base strict model for comparison...
Warning message:

337 (1.9%) p_waic estimates greater than 0.4. We recommend trying loo instead. 
Finished Step 2!
