==========================================================
Starting Smart Multilevel ACAT Model Queue...
==========================================================

--- 1. Processing Music Domain ---
  [SKIPPED] cache/music_hier_1_baseline.rds already exists. Bypassing.
  [SKIPPED] cache/music_hier_2_relaxed.rds already exists. Bypassing.
  [SKIPPED] cache/music_hier_3_rs.rds already exists. Bypassing.
  [SKIPPED] cache/music_hier_4_var.rds already exists. Bypassing.
  [SKIPPED] cache/music_hier_5_var_rs.rds already exists. Bypassing.
  [RUNNING] cache/music_hier_6_relaxed_rs.rds not found. Executing analyses/music-acat-multilevel/music_hier_6_relaxed_rs.R...
  [WARNING] Script analyses/music-acat-multilevel/music_hier_6_relaxed_rs.R finished but cache/music_hier_6_relaxed_rs.rds was not created or is empty!

--- 2. Processing TV Domain ---
  [RUNNING] cache/tv_hier_1_baseline.rds not found. Executing analyses/tv-acat-multilevel/tv_hier_1_baseline.R...
  [WARNING] Script analyses/tv-acat-multilevel/tv_hier_1_baseline.R finished but cache/tv_hier_1_baseline.rds was not created or is empty!
  [RUNNING] cache/tv_hier_2_relaxed.rds not found. Executing analyses/tv-acat-multilevel/tv_hier_2_relaxed.R...
  [WARNING] Script analyses/tv-acat-multilevel/tv_hier_2_relaxed.R finished but cache/tv_hier_2_relaxed.rds was not created or is empty!
  [RUNNING] cache/tv_hier_3_rs.rds not found. Executing analyses/tv-acat-multilevel/tv_hier_3_rs.R...
  [WARNING] Script analyses/tv-acat-multilevel/tv_hier_3_rs.R finished but cache/tv_hier_3_rs.rds was not created or is empty!
  [RUNNING] cache/tv_hier_4_var.rds not found. Executing analyses/tv-acat-multilevel/tv_hier_4_var.R...
  [WARNING] Script analyses/tv-acat-multilevel/tv_hier_4_var.R finished but cache/tv_hier_4_var.rds was not created or is empty!
  [RUNNING] cache/tv_hier_5_var_rs.rds not found. Executing analyses/tv-acat-multilevel/tv_hier_5_var_rs.R...
  [WARNING] Script analyses/tv-acat-multilevel/tv_hier_5_var_rs.R finished but cache/tv_hier_5_var_rs.rds was not created or is empty!
  [RUNNING] cache/tv_hier_6_relaxed_rs.rds not found. Executing analyses/tv-acat-multilevel/tv_hier_6_relaxed_rs.R...
  [WARNING] Script analyses/tv-acat-multilevel/tv_hier_6_relaxed_rs.R finished but cache/tv_hier_6_relaxed_rs.rds was not created or is empty!

--- 3. Processing Movie Domain ---
  [RUNNING] cache/mov_hier_1_baseline.rds not found. Executing analyses/movie-acat-multilevel/mov_hier_1_baseline.R...
  [WARNING] Script analyses/movie-acat-multilevel/mov_hier_1_baseline.R finished but cache/mov_hier_1_baseline.rds was not created or is empty!
  [RUNNING] cache/mov_hier_2_relaxed.rds not found. Executing analyses/movie-acat-multilevel/mov_hier_2_relaxed.R...
  [WARNING] Script analyses/movie-acat-multilevel/mov_hier_2_relaxed.R finished but cache/mov_hier_2_relaxed.rds was not created or is empty!
  [RUNNING] cache/mov_hier_3_rs.rds not found. Executing analyses/movie-acat-multilevel/mov_hier_3_rs.R...
  [WARNING] Script analyses/movie-acat-multilevel/mov_hier_3_rs.R finished but cache/mov_hier_3_rs.rds was not created or is empty!
  [RUNNING] cache/mov_hier_4_var.rds not found. Executing analyses/movie-acat-multilevel/mov_hier_4_var.R...
  [WARNING] Script analyses/movie-acat-multilevel/mov_hier_4_var.R finished but cache/mov_hier_4_var.rds was not created or is empty!
  [RUNNING] cache/mov_hier_5_var_rs.rds not found. Executing analyses/movie-acat-multilevel/mov_hier_5_var_rs.R...
  [WARNING] Script analyses/movie-acat-multilevel/mov_hier_5_var_rs.R finished but cache/mov_hier_5_var_rs.rds was not created or is empty!
  [RUNNING] cache/mov_hier_6_relaxed_rs.rds not found. Executing analyses/movie-acat-multilevel/mov_hier_6_relaxed_rs.R...
  [WARNING] Script analyses/movie-acat-multilevel/mov_hier_6_relaxed_rs.R finished but cache/mov_hier_6_relaxed_rs.rds was not created or is empty!

==========================================================
All queued models checked and completed!
==========================================================
