- The project is out-of-sync -- use `renv::status()` for details.
Starting model fitting process for Distributional (Variance) ACAT Model...
Fitting Distributional Model...
Compiling Stan program...
Start sampling

SAMPLING FOR MODEL 'anon_model' NOW (CHAIN 2).

SAMPLING FOR MODEL 'anon_model' NOW (CHAIN 1).
Chain 2: 
Chain 2: Gradient evaluation took 0.158232 seconds
Chain 2: 1000 transitions using 10 leapfrog steps per transition would take 1582.32 seconds.
Chain 2: Adjust your expectations accordingly!
Chain 2: 
Chain 2: 
Chain 1: 
Chain 1: Gradient evaluation took 0.123726 seconds
Chain 1: 1000 transitions using 10 leapfrog steps per transition would take 1237.26 seconds.
Chain 1: Adjust your expectations accordingly!
Chain 1: 
Chain 1: 
Chain 2: Iteration:    1 / 6000 [  0%]  (Warmup)
Chain 1: Iteration:    1 / 6000 [  0%]  (Warmup)
Chain 2: Iteration:  600 / 6000 [ 10%]  (Warmup)
Chain 1: Iteration:  600 / 6000 [ 10%]  (Warmup)
Chain 2: Iteration: 1200 / 6000 [ 20%]  (Warmup)
Chain 1: Iteration: 1200 / 6000 [ 20%]  (Warmup)
Chain 2: Iteration: 1800 / 6000 [ 30%]  (Warmup)
Chain 1: Iteration: 1800 / 6000 [ 30%]  (Warmup)
Chain 2: Iteration: 2400 / 6000 [ 40%]  (Warmup)
Chain 1: Iteration: 2400 / 6000 [ 40%]  (Warmup)
Chain 2: Iteration: 3000 / 6000 [ 50%]  (Warmup)
Chain 2: Iteration: 3001 / 6000 [ 50%]  (Sampling)
Chain 1: Iteration: 3000 / 6000 [ 50%]  (Warmup)
Chain 1: Iteration: 3001 / 6000 [ 50%]  (Sampling)
Chain 2: Iteration: 3600 / 6000 [ 60%]  (Sampling)
Chain 1: Iteration: 3600 / 6000 [ 60%]  (Sampling)
Chain 2: Iteration: 4200 / 6000 [ 70%]  (Sampling)
Chain 1: Iteration: 4200 / 6000 [ 70%]  (Sampling)
Chain 2: Iteration: 4800 / 6000 [ 80%]  (Sampling)
Chain 1: Iteration: 4800 / 6000 [ 80%]  (Sampling)
Chain 2: Iteration: 5400 / 6000 [ 90%]  (Sampling)
Chain 1: Iteration: 5400 / 6000 [ 90%]  (Sampling)
Chain 2: Iteration: 6000 / 6000 [100%]  (Sampling)
Chain 2: 
Chain 2:  Elapsed Time: 11362.1 seconds (Warm-up)
Chain 2:                9210.82 seconds (Sampling)
Chain 2:                20572.9 seconds (Total)
Chain 2: 

SAMPLING FOR MODEL 'anon_model' NOW (CHAIN 3).
Chain 3: 
Chain 3: Gradient evaluation took 0.041079 seconds
Chain 3: 1000 transitions using 10 leapfrog steps per transition would take 410.79 seconds.
Chain 3: Adjust your expectations accordingly!
Chain 3: 
Chain 3: 
Chain 3: Iteration:    1 / 6000 [  0%]  (Warmup)
Chain 1: Iteration: 6000 / 6000 [100%]  (Sampling)
Chain 1: 
Chain 1:  Elapsed Time: 11696 seconds (Warm-up)
Chain 1:                9241.29 seconds (Sampling)
Chain 1:                20937.3 seconds (Total)
Chain 1: 

SAMPLING FOR MODEL 'anon_model' NOW (CHAIN 4).
Chain 4: 
Chain 4: Gradient evaluation took 0.033149 seconds
Chain 4: 1000 transitions using 10 leapfrog steps per transition would take 331.49 seconds.
Chain 4: Adjust your expectations accordingly!
Chain 4: 
Chain 4: 
Chain 4: Iteration:    1 / 6000 [  0%]  (Warmup)
Chain 3: Iteration:  600 / 6000 [ 10%]  (Warmup)
Chain 4: Iteration:  600 / 6000 [ 10%]  (Warmup)
Chain 3: Iteration: 1200 / 6000 [ 20%]  (Warmup)
Chain 4: Iteration: 1200 / 6000 [ 20%]  (Warmup)
Chain 3: Iteration: 1800 / 6000 [ 30%]  (Warmup)
Chain 4: Iteration: 1800 / 6000 [ 30%]  (Warmup)
Chain 3: Iteration: 2400 / 6000 [ 40%]  (Warmup)
Chain 4: Iteration: 2400 / 6000 [ 40%]  (Warmup)
Chain 3: Iteration: 3000 / 6000 [ 50%]  (Warmup)
Chain 3: Iteration: 3001 / 6000 [ 50%]  (Sampling)
Chain 4: Iteration: 3000 / 6000 [ 50%]  (Warmup)
Chain 4: Iteration: 3001 / 6000 [ 50%]  (Sampling)
Chain 3: Iteration: 3600 / 6000 [ 60%]  (Sampling)
Chain 4: Iteration: 3600 / 6000 [ 60%]  (Sampling)
Chain 3: Iteration: 4200 / 6000 [ 70%]  (Sampling)
Chain 4: Iteration: 4200 / 6000 [ 70%]  (Sampling)
Chain 3: Iteration: 4800 / 6000 [ 80%]  (Sampling)
